<?xml version="1.0" encoding="UTF-8"?>
<TestRun id="1574c3ef-4bcb-4718-9aab-85a131f80556" name="jhocking@TN005018 2019-03-22 12:20:34" runUser="TN\jhocking" xmlns="http://microsoft.com/schemas/VisualStudio/TeamTest/2010">
  <TestSettings name="Local" id="03cba366-f706-4ebc-bff8-b0f8f98d9982">
    <Description>These are default test settings for a local test run.</Description>
    <Deployment enabled="false" runDeploymentRoot="jhocking_TN005018 2019-03-22 12_20_34">
      <DeploymentItem filename="c:\users\jhocking\documents\visual studio 2010\Projects\CreditCardInterest\CreditCardInterest\bin\Debug\CreditCardInterest.dll" />
    </Deployment>
    <Execution>
      <TestTypeSpecific />
      <AgentRule name="Execution Agents">
      </AgentRule>
    </Execution>
  </TestSettings>
  <Times creation="2019-03-22T12:20:34.9968311-05:00" queuing="2019-03-22T12:20:35.0466965-05:00" start="2019-03-22T12:20:35.0506871-05:00" finish="2019-03-22T12:20:35.3603712-05:00" />
  <ResultSummary outcome="Failed">
    <Counters total="2" executed="2" passed="1" error="0" failed="1" timeout="0" aborted="0" inconclusive="0" passedButRunAborted="0" notRunnable="0" notExecuted="0" disconnected="0" warning="0" completed="0" inProgress="0" pending="0" />
  </ResultSummary>
  <TestDefinitions>
    <UnitTest name="OneWalletThreeCards_VisaMCdDiscover_Returns16" storage="c:\users\jhocking\documents\visual studio 2010\projects\creditcardinterest\creditcardinteresttests\bin\debug\creditcardinteresttests.dll" id="9cd5bd7b-e2ba-d10b-f255-813d30c9232e">
      <Execution id="b17eb694-d822-4295-a4d9-e23cf1fff911" />
      <TestMethod codeBase="c:/users/jhocking/documents/visual studio 2010/Projects/CreditCardInterest/CreditCardInterestTests/bin/Debug/CreditCardInterestTests.DLL" adapterTypeName="Microsoft.VisualStudio.TestTools.TestTypes.Unit.UnitTestAdapter, Microsoft.VisualStudio.QualityTools.Tips.UnitTest.Adapter, Version=10.0.0.0, Culture=neutral, PublicKeyToken=b03f5f7f11d50a3a" className="CreditCardInterestTests.CreditCardInterestTests, CreditCardInterestTests, Version=1.0.0.0, Culture=neutral, PublicKeyToken=null" name="OneWalletThreeCards_VisaMCdDiscover_Returns16" />
    </UnitTest>
    <UnitTest name="TwoWalletsThreeCards_VisaMCDiscover_Returns16" storage="c:\users\jhocking\documents\visual studio 2010\projects\creditcardinterest\creditcardinteresttests\bin\debug\creditcardinteresttests.dll" id="21c93613-fd46-5e5b-28d9-1818d5172a2e">
      <Execution id="cebe5cd5-c395-4dd2-bf78-c7029dd45dc0" />
      <TestMethod codeBase="c:/users/jhocking/documents/visual studio 2010/Projects/CreditCardInterest/CreditCardInterestTests/bin/Debug/CreditCardInterestTests.DLL" adapterTypeName="Microsoft.VisualStudio.TestTools.TestTypes.Unit.UnitTestAdapter, Microsoft.VisualStudio.QualityTools.Tips.UnitTest.Adapter, Version=10.0.0.0, Culture=neutral, PublicKeyToken=b03f5f7f11d50a3a" className="CreditCardInterestTests.CreditCardInterestTests, CreditCardInterestTests, Version=1.0.0.0, Culture=neutral, PublicKeyToken=null" name="TwoWalletsThreeCards_VisaMCDiscover_Returns16" />
    </UnitTest>
  </TestDefinitions>
  <TestLists>
    <TestList name="Results Not in a List" id="8c84fa94-04c1-424b-9868-57a2d4851a1d" />
    <TestList name="All Loaded Results" id="19431567-8539-422a-85d7-44ee4e166bda" />
  </TestLists>
  <TestEntries>
    <TestEntry testId="21c93613-fd46-5e5b-28d9-1818d5172a2e" executionId="cebe5cd5-c395-4dd2-bf78-c7029dd45dc0" testListId="8c84fa94-04c1-424b-9868-57a2d4851a1d" />
    <TestEntry testId="9cd5bd7b-e2ba-d10b-f255-813d30c9232e" executionId="b17eb694-d822-4295-a4d9-e23cf1fff911" testListId="8c84fa94-04c1-424b-9868-57a2d4851a1d" />
  </TestEntries>
  <Results>
    <UnitTestResult executionId="cebe5cd5-c395-4dd2-bf78-c7029dd45dc0" testId="21c93613-fd46-5e5b-28d9-1818d5172a2e" testName="TwoWalletsThreeCards_VisaMCDiscover_Returns16" computerName="TN005018" duration="00:00:00.0250070" startTime="2019-03-22T12:20:35.0536789-05:00" endTime="2019-03-22T12:20:35.3464231-05:00" testType="13cdc9d9-ddb5-4fa4-a97d-d965ccfc6d4b" outcome="Failed" testListId="8c84fa94-04c1-424b-9868-57a2d4851a1d" relativeResultsDirectory="cebe5cd5-c395-4dd2-bf78-c7029dd45dc0">
      <Output>
        <ErrorInfo>
          <Message>Assert.AreEqual failed. Expected:&lt;11&gt;. Actual:&lt;10&gt;. </Message>
          <StackTrace>   at CreditCardInterestTests.CreditCardInterestTests.TwoWalletsThreeCards_VisaMCDiscover_Returns16() in c:\users\jhocking\documents\visual studio 2010\Projects\CreditCardInterest\CreditCardInterestTests\CreditCardInterestTests.cs:line 29
</StackTrace>
        </ErrorInfo>
      </Output>
    </UnitTestResult>
    <UnitTestResult executionId="b17eb694-d822-4295-a4d9-e23cf1fff911" testId="9cd5bd7b-e2ba-d10b-f255-813d30c9232e" testName="OneWalletThreeCards_VisaMCdDiscover_Returns16" computerName="TN005018" duration="00:00:00.0002330" startTime="2019-03-22T12:20:35.3474070-05:00" endTime="2019-03-22T12:20:35.3503984-05:00" testType="13cdc9d9-ddb5-4fa4-a97d-d965ccfc6d4b" outcome="Passed" testListId="8c84fa94-04c1-424b-9868-57a2d4851a1d" relativeResultsDirectory="b17eb694-d822-4295-a4d9-e23cf1fff911">
    </UnitTestResult>
  </Results>
</TestRun>